// Jest Snapshot v1, https://goo.gl/fbAQLP

exports[`render AddExpensePage correctly 1`] = `
<div>
  <h1>
    AddExpense
  </h1>
  <ExpenseForm
    onFormSubmit={[Function]}
  />
</div>
`;
