// Jest Snapshot v1, https://goo.gl/fbAQLP

exports[`render ExpensListItem with expense from fixture 1`] = `
<div>
  <p>
    <Link
      to="/edit/1"
    >
      Number1One
    </Link>
    <br />
    amount 
    $1.00
    <br />
    ...
    <br />
    January 1st, 70
  </p>
</div>
`;
