// Jest Snapshot v1, https://goo.gl/fbAQLP

exports[`render ExpenseDashboardPage 1`] = `
<div>
  DashBoard
  <Connect(ExpenseListFilters) />
  <Connect(ExpenseList) />
</div>
`;
