// Jest Snapshot v1, https://goo.gl/fbAQLP

exports[`render Header component 1`] = `
<div>
  <h1>
    Expensify
  </h1>
  <NavLink
    activeClassName="is-active"
    exact={true}
    to="/"
  >
    Home Page
  </NavLink>
  <NavLink
    activeClassName="is-active"
    to="/create"
  >
    AddExpense
  </NavLink>
  <NavLink
    activeClassName="is-active"
    to="/help"
  >
    Help
  </NavLink>
</div>
`;
