// Jest Snapshot v1, https://goo.gl/fbAQLP

exports[`render ExpenseDashboardPage 1`] = `
<div>
  404! - 
  <Link
    to="/"
  >
    Go To DashBoard
  </Link>
</div>
`;

exports[`render NotFoundPage 1`] = `
<div>
  404! - 
  <Link
    to="/"
  >
    Go To DashBoard
  </Link>
</div>
`;
